{
'project:asp.net-web-application/web.config':[
7,
],
}
