{
'project:jboss-ejb3-tutorial/jca_inflow_quartz/build.xml':[
9,
],
'project:jboss-ejb3-tutorial/ssl/build.xml':[
9,
],
'project:sonar-java/external-reports/src/test/resources/checkstyle/checkstyle-with-errors.xml':[
4,
4,
4,
4,
],
'project:sonar-java/external-reports/src/test/resources/checkstyle/not-checkstyle-file.xml':[
2,
2,
],
'project:sonar-java/external-reports/src/test/resources/spotbugs/not-spotbugs-file.xml':[
2,
2,
],
'project:sonar-java/external-reports/src/test/resources/spotbugs/spotbugsXml-with-errors.xml':[
8,
8,
8,
8,
],
'project:sonar-java/its/plugin/projects/coverage_error/pom.xml':[
18,
18,
],
'project:sonar-java/its/plugin/projects/struts-1.3.9-lite/core/pom.xml':[
86,
86,
96,
96,
],
'project:sonar-java/its/plugin/projects/struts-1.3.9-lite/pom.xml':[
270,
270,
271,
271,
],
'project:sonar-java/its/plugin/projects/struts-1.3.9-lite/taglib/pom.xml':[
122,
122,
132,
132,
],
'project:sonar-java/its/plugin/projects/struts-1.3.9-lite/tiles/pom.xml':[
115,
115,
125,
125,
],
'project:sonar-java/its/plugin/projects/struts-1.3.9-lite/tiles/src/site/xdoc/examples.xml':[
53,
53,
56,
61,
61,
61,
61,
61,
201,
203,
205,
226,
226,
234,
234,
234,
234,
234,
],
'project:sonar-java/its/plugin/projects/struts-1.3.9-lite/tiles/src/site/xdoc/index.xml':[
51,
51,
82,
82,
103,
103,
108,
108,
113,
113,
117,
117,
],
'project:sonar-java/its/plugin/projects/struts-1.3.9-lite/tiles/src/site/xdoc/installation.xml':[
97,
],
'project:sonar-java/its/plugin/projects/struts-1.3.9-lite/tiles/src/site/xdoc/userGuide.xml':[
106,
112,
118,
124,
127,
130,
135,
140,
161,
164,
167,
170,
182,
202,
213,
216,
219,
222,
234,
250,
262,
266,
286,
291,
294,
297,
300,
363,
371,
384,
390,
396,
402,
408,
414,
419,
424,
],
'project:sonar-java/java-checks/src/test/files/checks/xml/ejb/DefaultInterceptorsLocationCheck/ejb-interceptors.xml':[
21,
21,
],
'project:sonar-java/java-checks/src/test/files/checks/xml/spring/DefaultMessageListenerContainerCheck/beans.xml':[
26,
26,
],
'project:spring-framework/spring-aop/src/test/resources/org/springframework/aop/interceptor/ExposeInvocationInterceptorTests-context.xml':[
15,
15,
],
'project:spring-framework/spring-aop/src/test/resources/org/springframework/aop/support/RegexpMethodPointcutAdvisorIntegrationTests-context.xml':[
8,
8,
9,
9,
15,
15,
24,
24,
25,
25,
26,
26,
30,
30,
33,
33,
36,
36,
41,
41,
51,
51,
53,
53,
54,
54,
55,
55,
],
'project:spring-framework/spring-beans/src/test/resources/org/springframework/beans/factory/BeanFactoryUtilsTests-leaf.xml':[
7,
7,
8,
8,
],
'project:spring-framework/spring-beans/src/test/resources/org/springframework/beans/factory/BeanFactoryUtilsTests-middle.xml':[
8,
8,
9,
9,
],
'project:spring-framework/spring-beans/src/test/resources/org/springframework/beans/factory/BeanFactoryUtilsTests-root.xml':[
17,
17,
18,
18,
24,
24,
],
'project:spring-framework/spring-beans/src/test/resources/org/springframework/beans/factory/config/PropertyPathFactoryBeanTests-context.xml':[
7,
7,
10,
10,
16,
16,
19,
19,
27,
27,
30,
30,
34,
34,
35,
35,
47,
47,
48,
48,
49,
49,
],
'project:spring-framework/spring-beans/src/test/resources/org/springframework/beans/factory/xml/collections.xml':[
7,
7,
8,
8,
23,
23,
27,
27,
28,
28,
39,
39,
40,
40,
47,
47,
48,
48,
53,
53,
54,
54,
67,
67,
68,
68,
105,
105,
109,
109,
113,
113,
128,
128,
192,
192,
195,
195,
200,
200,
201,
201,
212,
212,
213,
213,
366,
366,
367,
367,
378,
378,
379,
379,
],
'project:spring-framework/spring-beans/src/test/resources/org/springframework/beans/factory/xml/factory-methods.xml':[
9,
9,
26,
26,
34,
34,
39,
39,
40,
40,
41,
41,
46,
46,
47,
47,
48,
48,
53,
53,
54,
54,
55,
55,
60,
60,
61,
61,
62,
62,
78,
78,
83,
83,
84,
84,
89,
89,
94,
94,
95,
95,
96,
96,
101,
101,
102,
102,
103,
103,
104,
104,
111,
111,
124,
124,
125,
125,
143,
143,
],
'project:spring-framework/spring-beans/src/test/resources/org/springframework/beans/factory/xml/test.xml':[
16,
16,
24,
24,
30,
30,
34,
34,
44,
44,
45,
45,
46,
46,
47,
47,
51,
51,
56,
56,
57,
57,
58,
58,
59,
59,
63,
63,
64,
64,
65,
65,
69,
69,
70,
70,
71,
71,
79,
79,
84,
84,
92,
92,
98,
98,
99,
99,
100,
100,
104,
104,
105,
105,
106,
106,
112,
112,
113,
113,
117,
117,
118,
118,
124,
124,
],
'project:spring-framework/spring-beans/src/test/resources/org/springframework/beans/factory/xml/testUtilNamespace.xml':[
118,
118,
],
'project:spring-framework/spring-context/src/test/resources/org/springframework/aop/framework/ProxyFactoryBeanTests-context.xml':[
8,
8,
9,
9,
15,
15,
16,
16,
17,
17,
30,
30,
36,
36,
46,
46,
47,
47,
56,
56,
57,
57,
61,
61,
62,
62,
63,
63,
67,
67,
68,
68,
69,
69,
73,
73,
74,
74,
78,
78,
79,
79,
80,
80,
84,
84,
85,
85,
89,
89,
90,
90,
91,
91,
95,
95,
96,
96,
97,
97,
124,
124,
125,
125,
143,
143,
144,
144,
162,
162,
163,
163,
],
'project:spring-framework/spring-context/src/test/resources/org/springframework/aop/framework/ProxyFactoryBeanTests-double-targetsource.xml':[
14,
14,
20,
20,
35,
35,
37,
37,
39,
39,
45,
45,
47,
47,
48,
48,
],
'project:spring-framework/spring-context/src/test/resources/org/springframework/aop/framework/ProxyFactoryBeanTests-frozen.xml':[
8,
8,
9,
9,
19,
19,
21,
21,
22,
22,
23,
23,
24,
24,
],
'project:spring-framework/spring-context/src/test/resources/org/springframework/aop/framework/ProxyFactoryBeanTests-inner-bean-target.xml':[
20,
20,
],
'project:spring-framework/spring-context/src/test/resources/org/springframework/aop/framework/ProxyFactoryBeanTests-invalid.xml':[
8,
8,
9,
9,
17,
17,
18,
18,
],
'project:spring-framework/spring-context/src/test/resources/org/springframework/aop/framework/ProxyFactoryBeanTests-notlast-targetsource.xml':[
13,
13,
26,
26,
28,
28,
],
'project:spring-framework/spring-context/src/test/resources/org/springframework/aop/framework/ProxyFactoryBeanTests-prototype.xml':[
11,
11,
15,
15,
21,
21,
25,
25,
26,
26,
31,
31,
32,
32,
34,
34,
],
'project:spring-framework/spring-context/src/test/resources/org/springframework/aop/framework/ProxyFactoryBeanTests-serialization.xml':[
14,
14,
15,
15,
18,
18,
24,
24,
28,
28,
29,
29,
30,
30,
34,
34,
],
'project:spring-framework/spring-context/src/test/resources/org/springframework/aop/framework/ProxyFactoryBeanTests-targetsource.xml':[
13,
13,
28,
28,
39,
39,
52,
52,
53,
53,
],
'project:spring-framework/spring-context/src/test/resources/org/springframework/aop/framework/adapter/AdvisorAdapterRegistrationTests-with-bpp.xml':[
11,
11,
15,
15,
16,
16,
],
'project:spring-framework/spring-context/src/test/resources/org/springframework/aop/framework/adapter/AdvisorAdapterRegistrationTests-without-bpp.xml':[
11,
11,
15,
15,
16,
16,
],
'project:spring-framework/spring-context/src/test/resources/org/springframework/aop/framework/autoproxy/AdvisorAutoProxyCreatorTests-custom-targetsource.xml':[
16,
16,
17,
17,
21,
21,
22,
22,
26,
26,
27,
27,
31,
31,
],
'project:spring-framework/spring-context/src/test/resources/org/springframework/aop/framework/autoproxy/AdvisorAutoProxyCreatorTests-quick-targetsource.xml':[
18,
18,
19,
19,
23,
23,
28,
28,
29,
29,
34,
34,
35,
35,
40,
40,
41,
41,
],
'project:spring-framework/spring-context/src/test/resources/org/springframework/aop/framework/autoproxy/BeanNameAutoProxyCreatorTests-context.xml':[
16,
16,
52,
52,
77,
77,
81,
81,
92,
92,
102,
102,
106,
106,
110,
110,
114,
114,
],
'project:spring-framework/spring-context/src/test/resources/org/springframework/beans/factory/xml/LookupMethodWrappedByCglibProxyTests-context.xml':[
20,
20,
21,
21,
22,
22,
26,
26,
27,
27,
32,
32,
33,
33,
34,
34,
],
'project:spring-framework/spring-context/src/test/resources/org/springframework/beans/factory/xml/XmlBeanFactoryTests-autowire.xml':[
54,
54,
],
'project:spring-framework/spring-context/src/test/resources/org/springframework/beans/factory/xml/XmlBeanFactoryTests-child.xml':[
7,
7,
13,
13,
19,
19,
24,
24,
29,
29,
34,
34,
39,
39,
46,
46,
],
'project:spring-framework/spring-context/src/test/resources/org/springframework/beans/factory/xml/XmlBeanFactoryTests-collections.xml':[
7,
7,
8,
8,
23,
23,
27,
27,
28,
28,
39,
39,
40,
40,
48,
48,
49,
49,
53,
53,
54,
54,
67,
67,
68,
68,
101,
101,
105,
105,
109,
109,
124,
124,
174,
174,
177,
177,
182,
182,
183,
183,
194,
194,
195,
195,
331,
331,
332,
332,
343,
343,
344,
344,
],
'project:spring-framework/spring-context/src/test/resources/org/springframework/beans/factory/xml/XmlBeanFactoryTests-constructorArg.xml':[
7,
7,
13,
13,
27,
27,
28,
28,
37,
37,
51,
51,
52,
52,
53,
53,
58,
58,
59,
59,
60,
60,
64,
64,
65,
65,
66,
66,
67,
67,
71,
71,
72,
72,
76,
76,
80,
80,
84,
84,
88,
88,
92,
92,
93,
93,
97,
97,
98,
98,
102,
102,
103,
103,
107,
107,
108,
108,
109,
109,
113,
113,
114,
114,
141,
141,
153,
153,
154,
154,
171,
171,
175,
175,
179,
179,
180,
180,
184,
184,
185,
185,
201,
201,
],
'project:spring-framework/spring-context/src/test/resources/org/springframework/beans/factory/xml/XmlBeanFactoryTests-constructorOverrides.xml':[
14,
14,
23,
23,
24,
24,
31,
31,
],
'project:spring-framework/spring-context/src/test/resources/org/springframework/beans/factory/xml/XmlBeanFactoryTests-delegationOverrides.xml':[
63,
63,
64,
64,
80,
80,
],
'project:spring-framework/spring-context/src/test/resources/org/springframework/beans/factory/xml/XmlBeanFactoryTests-depCarg.xml':[
7,
7,
8,
8,
],
'project:spring-framework/spring-context/src/test/resources/org/springframework/beans/factory/xml/XmlBeanFactoryTests-depCargInner.xml':[
9,
9,
10,
10,
],
'project:spring-framework/spring-context/src/test/resources/org/springframework/beans/factory/xml/XmlBeanFactoryTests-depMaterializeThis.xml':[
12,
12,
16,
16,
17,
17,
],
'project:spring-framework/spring-context/src/test/resources/org/springframework/beans/factory/xml/XmlBeanFactoryTests-depProp.xml':[
7,
7,
8,
8,
],
'project:spring-framework/spring-context/src/test/resources/org/springframework/beans/factory/xml/XmlBeanFactoryTests-depPropInTheMiddle.xml':[
7,
7,
11,
11,
12,
12,
],
'project:spring-framework/spring-context/src/test/resources/org/springframework/beans/factory/xml/XmlBeanFactoryTests-depPropInner.xml':[
9,
9,
10,
10,
],
'project:spring-framework/spring-context/src/test/resources/org/springframework/beans/factory/xml/XmlBeanFactoryTests-factoryCircle.xml':[
7,
7,
],
'project:spring-framework/spring-context/src/test/resources/org/springframework/beans/factory/xml/XmlBeanFactoryTests-initializers.xml':[
8,
8,
],
'project:spring-framework/spring-context/src/test/resources/org/springframework/beans/factory/xml/XmlBeanFactoryTests-invalid.xml':[
8,
8,
9,
9,
],
'project:spring-framework/spring-context/src/test/resources/org/springframework/beans/factory/xml/XmlBeanFactoryTests-invalidOverridesNoSuchMethod.xml':[
15,
15,
16,
16,
21,
21,
],
'project:spring-framework/spring-context/src/test/resources/org/springframework/beans/factory/xml/XmlBeanFactoryTests-noSuchFactoryMethod.xml':[
10,
10,
],
'project:spring-framework/spring-context/src/test/resources/org/springframework/beans/factory/xml/XmlBeanFactoryTests-overrides.xml':[
39,
39,
40,
40,
50,
50,
51,
51,
71,
71,
],
'project:spring-framework/spring-context/src/test/resources/org/springframework/beans/factory/xml/XmlBeanFactoryTests-parent.xml':[
7,
7,
8,
8,
12,
12,
13,
13,
17,
17,
18,
18,
],
'project:spring-framework/spring-context/src/test/resources/org/springframework/beans/factory/xml/XmlBeanFactoryTests-reftypes.xml':[
6,
6,
7,
7,
8,
8,
18,
18,
19,
19,
20,
20,
30,
30,
31,
31,
32,
32,
79,
79,
80,
80,
84,
84,
85,
85,
88,
88,
89,
89,
95,
95,
96,
96,
100,
100,
101,
101,
109,
109,
110,
110,
115,
115,
116,
116,
126,
126,
127,
127,
135,
135,
136,
136,
142,
142,
143,
143,
146,
146,
147,
147,
153,
153,
154,
154,
158,
158,
159,
159,
170,
170,
171,
171,
177,
177,
178,
178,
188,
188,
189,
189,
],
'project:spring-framework/spring-context/src/test/resources/org/springframework/context/access/ContextJndiBeanFactoryLocatorTests-collections.xml':[
7,
7,
8,
8,
23,
23,
27,
27,
28,
28,
39,
39,
40,
40,
48,
48,
49,
49,
53,
53,
54,
54,
67,
67,
68,
68,
101,
101,
105,
105,
109,
109,
124,
124,
174,
174,
177,
177,
182,
182,
183,
183,
194,
194,
195,
195,
331,
331,
332,
332,
343,
343,
344,
344,
],
'project:spring-framework/spring-context/src/test/resources/org/springframework/context/access/ContextJndiBeanFactoryLocatorTests-parent.xml':[
7,
7,
8,
8,
12,
12,
13,
13,
17,
17,
18,
18,
],
'project:spring-framework/spring-context/src/test/resources/org/springframework/context/support/childWithProxy.xml':[
7,
7,
11,
11,
],
'project:spring-framework/spring-context/src/test/resources/org/springframework/context/support/test/aliased-contextC.xml':[
12,
12,
],
'project:spring-framework/spring-context/src/test/resources/org/springframework/context/support/test/contextB.xml':[
8,
8,
],
'project:spring-framework/spring-context/src/test/resources/org/springframework/context/support/test/contextC.xml':[
14,
14,
],
'project:spring-framework/spring-context/src/test/resources/org/springframework/context/support/test/import1.xml':[
7,
7,
8,
8,
12,
12,
],
'project:spring-framework/spring-context/src/test/resources/org/springframework/context/support/test/subtest/import2.xml':[
7,
7,
],
'project:spring-framework/spring-core/src/test/resources/org/springframework/util/xml/testContentHandler.xml':[
2,
2,
2,
],
'project:spring-framework/spring-jdbc/src/test/resources/org/springframework/jdbc/support/custom-error-codes.xml':[
10,
10,
11,
11,
15,
15,
],
'project:spring-framework/spring-jdbc/src/test/resources/org/springframework/jdbc/support/test-error-codes.xml':[
10,
10,
11,
11,
],
'project:spring-framework/spring-jdbc/src/test/resources/org/springframework/jdbc/support/wildcard-error-codes.xml':[
10,
10,
11,
11,
15,
15,
16,
16,
17,
17,
21,
21,
22,
22,
23,
23,
27,
27,
28,
28,
29,
29,
33,
33,
34,
34,
35,
35,
],
'project:spring-framework/spring-tx/src/test/resources/org/springframework/transaction/interceptor/noTransactionAttributeSource.xml':[
8,
8,
9,
9,
18,
18,
19,
19,
],
'project:spring-framework/spring-tx/src/test/resources/org/springframework/transaction/interceptor/transactionalBeanFactory.xml':[
7,
7,
12,
12,
13,
13,
14,
14,
22,
22,
46,
46,
57,
57,
64,
64,
65,
65,
71,
71,
77,
77,
78,
78,
95,
95,
98,
98,
112,
112,
116,
116,
118,
118,
126,
126,
127,
127,
],
'project:spring-framework/spring-webmvc/src/test/resources/org/springframework/web/context/WEB-INF/context-addition.xml':[
13,
13,
14,
14,
20,
20,
21,
21,
22,
22,
26,
26,
27,
27,
28,
28,
39,
39,
44,
44,
45,
45,
],
'project:spring-framework/spring-webmvc/src/test/resources/org/springframework/web/context/WEB-INF/contextInclude.xml':[
4,
4,
],
'project:spring-framework/spring-webmvc/src/test/resources/org/springframework/web/context/WEB-INF/test-servlet.xml':[
7,
7,
11,
11,
19,
19,
20,
20,
21,
21,
27,
27,
28,
28,
34,
34,
35,
35,
36,
36,
40,
40,
41,
41,
42,
42,
49,
49,
53,
53,
54,
54,
],
'project:spring-framework/spring-webmvc/src/test/resources/org/springframework/web/context/WEB-INF/testNamespace.xml':[
7,
7,
8,
8,
12,
12,
13,
13,
14,
14,
],
'project:spring-framework/spring-webmvc/src/test/resources/org/springframework/web/context/beans1.xml':[
8,
8,
12,
12,
13,
13,
],
'project:spring-framework/spring-webmvc/src/test/resources/org/springframework/web/servlet/handler/map2.xml':[
7,
7,
8,
8,
12,
12,
13,
13,
14,
14,
15,
15,
16,
16,
17,
17,
18,
18,
24,
24,
25,
25,
27,
27,
31,
31,
],
'project:spring-framework/spring-webmvc/src/test/resources/org/springframework/web/servlet/handler/map2err.xml':[
7,
7,
10,
10,
11,
11,
12,
12,
13,
13,
14,
14,
15,
15,
21,
21,
22,
22,
26,
26,
],
'project:spring-framework/spring-webmvc/src/test/resources/org/springframework/web/servlet/handler/map3.xml':[
7,
7,
],
'project:spring-framework/spring-webmvc/src/test/resources/org/springframework/web/servlet/view/views.xml':[
7,
7,
10,
10,
11,
11,
14,
14,
18,
18,
],
'project:spring-framework/src/test/resources/org/springframework/aop/framework/autoproxy/AdvisorAutoProxyCreatorIntegrationTests-context.xml':[
22,
22,
23,
23,
27,
27,
28,
28,
33,
33,
50,
50,
51,
51,
55,
55,
56,
56,
84,
84,
85,
85,
91,
91,
],
}
