{
'project:special-cases/android-application/AndroidManifest.xml':[
8,
],
}
